---
source: crates/rustbolt/tests/errors.rs
expression: error
---
Invalid option 'optimization.module_ids': unknown is not implemented
