```html title=index.html
<!doctype html><html><head><meta charset="UTF-8"><title>Rustbolt App</title><script defer src="/runtime.js"></script><script defer src="/chunk1.js"></script></head><body></body></html>
```